[2025-10-19 12:12:43,029] 30 root - INFO - data ingestion started
[2025-10-19 12:12:43,282] 33 root - INFO -  reading a df
[2025-10-19 12:12:44,489] 37 root - INFO -  i have saved the raw dataset in artifact folder
[2025-10-19 12:12:44,490] 39 root - INFO - here i have performed train test split
[2025-10-19 12:12:44,522] 42 root - INFO - train test split completed
[2025-10-19 12:12:45,744] 47 root - INFO - data ingestion part completed
[2025-10-19 12:12:45,987] 86 root - INFO - read train and test data complete
[2025-10-19 12:12:45,996] 87 root - INFO - Train Dataframe Head : 
       id  carat        cut color clarity  depth  table     x     y     z  price
0  118054   1.50  Very Good     I     SI2   62.6   58.0  7.20  7.24  4.52   6115
1   25184   1.07      Ideal     H     SI1   62.0   56.0  6.53  6.56  4.06   4841
2   62337   0.31      Ideal     E     VS2   62.0   56.0  4.31  4.30  2.67    680
3  117574   1.16    Premium     F    VVS1   61.6   59.0  6.73  6.78  4.16  11463
4  101752   0.91      Ideal     E     SI1   60.9   57.0  6.19  6.22  3.78   4284
[2025-10-19 12:12:46,001] 88 root - INFO - Test Dataframe Head : 
       id  carat        cut color clarity  depth  table     x     y     z  price
0  114950   0.74      Ideal     E     SI1   61.1   55.0  5.82  5.86  3.57   2829
1  115874   0.52      Ideal     D     VS2   61.8   56.0  5.14  5.17  3.19   1879
2  174950   0.27      Ideal     H    VVS2   62.4   56.0  4.12  4.14  2.58    540
3   82240   0.70    Premium     G     VS1   62.4   60.0  5.65  5.61  3.51   2699
4   19485   2.08  Very Good     I     VS2   62.2   60.0  8.15  8.19  5.08  15025
[2025-10-19 12:12:46,002] 31 root - INFO - Data Transformation initiated
[2025-10-19 12:12:46,002] 42 root - INFO - Pipeline Initiated
[2025-10-19 12:12:46,403] 106 root - INFO - Applying preprocessing object on training and testing datasets.
[2025-10-19 12:12:46,414] 116 root - INFO - preprocessing pickle file saved
[2025-10-19 12:12:46,419] 26 root - INFO - Splitting Dependent and Independent variables from train and test data
[2025-10-19 12:12:47,364] 44 root - INFO - Model Report : {'LinearRegression': 0.936985437460634, 'Lasso': 0.9369602277225969, 'Ridge': 0.9369848934000476, 'Elasticnet': 0.8547577747463038}
[2025-10-19 12:12:47,365] 57 root - INFO - Best Model Found , Model Name : LinearRegression , R2 Score : 0.936985437460634
[2025-10-19 12:12:47,366] 15 root - INFO - evaluation started
[2025-10-19 12:12:47,376] 33 root - INFO - model has register
[2025-10-19 12:12:47,720] 21 root - INFO - evaluation metrics captured
